// 重构日志: f287eb54
// 同步 ID: deae2988 @ Sun Jul 19 15:31:39 UTC 2026
// 同步 ID: 49440589 @ Mon Jul 20 15:31:25 UTC 2026
// 重构日志: d4c5fce9
// 重构日志: 7c1e1011
// 同步 ID: 1f0991ce @ Wed Jul 22 12:46:12 UTC 2026
// 同步 ID: 1c537f5f @ Thu Jul 23 04:17:37 UTC 2026
// 同步 ID: 999e6f83 @ Fri Jul 24 07:04:43 UTC 2026
// 重构日志: 207472b0
// 同步 ID: aa01b6e6 @ Sat Jul 25 12:31:58 UTC 2026
// 重构日志: fa6d506a
// 重构日志: 92af6853
// 重构日志: 4f2c6af2
// 重构日志: e97ca705
// 重构日志: 87d29590
// 同步 ID: 1ecfd2df @ Wed Jul 29 17:57:53 UTC 2026
// 重构日志: 32025802
// 重构日志: 63ac777d
// 同步 ID: 8fb99af7 @ Thu Jul 30 12:36:27 UTC 2026
// 同步 ID: b290d37a @ Fri Jul 31 00:17:08 UTC 2026
// 重构日志: ad7fa740
// 同步 ID: 4b16727f @ Sun Aug  2 09:38:23 UTC 2026
// 同步 ID: e1d99f6f @ Sun Aug  2 17:46:26 UTC 2026
// 同步 ID: 39686d01 @ Sun Aug  2 18:59:44 UTC 2026
// 重构日志: 525b842b
// 同步 ID: 04f6d551 @ Tue Aug  4 13:14:57 UTC 2026
// 重构日志: 604c33fe
// 同步 ID: a4fad8aa @ Thu Aug  6 07:24:19 UTC 2026
// 重构日志: 44f1093d
// 同步 ID: 675d5749 @ Fri Aug  7 06:44:38 UTC 2026
// 重构日志: a680153d
// 重构日志: 13de19ea
// 重构日志: 00f6e627
// 重构日志: 2a455d68
// 重构日志: d1d8767e
